Archive member included to satisfy reference by file (symbol)

../Lib\libstm_startup.a(clock.o)
                              (--whole-archive)
../Lib\libstm_startup.a(system_stm32f0xx.o)
                              (--whole-archive)
C:/ST/STM32CubeIDE_1.15.1/STM32CubeIDE/plugins/com.st.stm32cube.ide.mcu.externaltools.gnu-tools-for-stm32.12.3.rel1.win32_1.0.100.202403111256/tools/bin/../lib/gcc/arm-none-eabi/12.3.1/../../../../arm-none-eabi/lib/thumb/v6-m/nofp\libc_nano.a(libc_a-exit.o)
                              C:/ST/STM32CubeIDE_1.15.1/STM32CubeIDE/plugins/com.st.stm32cube.ide.mcu.externaltools.gnu-tools-for-stm32.12.3.rel1.win32_1.0.100.202403111256/tools/bin/../lib/gcc/arm-none-eabi/12.3.1/../../../../arm-none-eabi/lib/thumb/v6-m/nofp/crt0.o (exit)
C:/ST/STM32CubeIDE_1.15.1/STM32CubeIDE/plugins/com.st.stm32cube.ide.mcu.externaltools.gnu-tools-for-stm32.12.3.rel1.win32_1.0.100.202403111256/tools/bin/../lib/gcc/arm-none-eabi/12.3.1/../../../../arm-none-eabi/lib/thumb/v6-m/nofp\libc_nano.a(libc_a-findfp.o)
                              C:/ST/STM32CubeIDE_1.15.1/STM32CubeIDE/plugins/com.st.stm32cube.ide.mcu.externaltools.gnu-tools-for-stm32.12.3.rel1.win32_1.0.100.202403111256/tools/bin/../lib/gcc/arm-none-eabi/12.3.1/../../../../arm-none-eabi/lib/thumb/v6-m/nofp\libc_nano.a(libc_a-exit.o) (__stdio_exit_handler)
C:/ST/STM32CubeIDE_1.15.1/STM32CubeIDE/plugins/com.st.stm32cube.ide.mcu.externaltools.gnu-tools-for-stm32.12.3.rel1.win32_1.0.100.202403111256/tools/bin/../lib/gcc/arm-none-eabi/12.3.1/../../../../arm-none-eabi/lib/thumb/v6-m/nofp\libc_nano.a(libc_a-fwalk.o)
                              C:/ST/STM32CubeIDE_1.15.1/STM32CubeIDE/plugins/com.st.stm32cube.ide.mcu.externaltools.gnu-tools-for-stm32.12.3.rel1.win32_1.0.100.202403111256/tools/bin/../lib/gcc/arm-none-eabi/12.3.1/../../../../arm-none-eabi/lib/thumb/v6-m/nofp\libc_nano.a(libc_a-findfp.o) (_fwalk_sglue)
C:/ST/STM32CubeIDE_1.15.1/STM32CubeIDE/plugins/com.st.stm32cube.ide.mcu.externaltools.gnu-tools-for-stm32.12.3.rel1.win32_1.0.100.202403111256/tools/bin/../lib/gcc/arm-none-eabi/12.3.1/../../../../arm-none-eabi/lib/thumb/v6-m/nofp\libc_nano.a(libc_a-stdio.o)
                              C:/ST/STM32CubeIDE_1.15.1/STM32CubeIDE/plugins/com.st.stm32cube.ide.mcu.externaltools.gnu-tools-for-stm32.12.3.rel1.win32_1.0.100.202403111256/tools/bin/../lib/gcc/arm-none-eabi/12.3.1/../../../../arm-none-eabi/lib/thumb/v6-m/nofp\libc_nano.a(libc_a-findfp.o) (__sread)
C:/ST/STM32CubeIDE_1.15.1/STM32CubeIDE/plugins/com.st.stm32cube.ide.mcu.externaltools.gnu-tools-for-stm32.12.3.rel1.win32_1.0.100.202403111256/tools/bin/../lib/gcc/arm-none-eabi/12.3.1/../../../../arm-none-eabi/lib/thumb/v6-m/nofp\libc_nano.a(libc_a-memset.o)
                              C:/ST/STM32CubeIDE_1.15.1/STM32CubeIDE/plugins/com.st.stm32cube.ide.mcu.externaltools.gnu-tools-for-stm32.12.3.rel1.win32_1.0.100.202403111256/tools/bin/../lib/gcc/arm-none-eabi/12.3.1/../../../../arm-none-eabi/lib/thumb/v6-m/nofp/crt0.o (memset)
C:/ST/STM32CubeIDE_1.15.1/STM32CubeIDE/plugins/com.st.stm32cube.ide.mcu.externaltools.gnu-tools-for-stm32.12.3.rel1.win32_1.0.100.202403111256/tools/bin/../lib/gcc/arm-none-eabi/12.3.1/../../../../arm-none-eabi/lib/thumb/v6-m/nofp\libc_nano.a(libc_a-closer.o)
                              C:/ST/STM32CubeIDE_1.15.1/STM32CubeIDE/plugins/com.st.stm32cube.ide.mcu.externaltools.gnu-tools-for-stm32.12.3.rel1.win32_1.0.100.202403111256/tools/bin/../lib/gcc/arm-none-eabi/12.3.1/../../../../arm-none-eabi/lib/thumb/v6-m/nofp\libc_nano.a(libc_a-stdio.o) (_close_r)
C:/ST/STM32CubeIDE_1.15.1/STM32CubeIDE/plugins/com.st.stm32cube.ide.mcu.externaltools.gnu-tools-for-stm32.12.3.rel1.win32_1.0.100.202403111256/tools/bin/../lib/gcc/arm-none-eabi/12.3.1/../../../../arm-none-eabi/lib/thumb/v6-m/nofp\libc_nano.a(libc_a-reent.o)
                              C:/ST/STM32CubeIDE_1.15.1/STM32CubeIDE/plugins/com.st.stm32cube.ide.mcu.externaltools.gnu-tools-for-stm32.12.3.rel1.win32_1.0.100.202403111256/tools/bin/../lib/gcc/arm-none-eabi/12.3.1/../../../../arm-none-eabi/lib/thumb/v6-m/nofp\libc_nano.a(libc_a-closer.o) (errno)
C:/ST/STM32CubeIDE_1.15.1/STM32CubeIDE/plugins/com.st.stm32cube.ide.mcu.externaltools.gnu-tools-for-stm32.12.3.rel1.win32_1.0.100.202403111256/tools/bin/../lib/gcc/arm-none-eabi/12.3.1/../../../../arm-none-eabi/lib/thumb/v6-m/nofp\libc_nano.a(libc_a-impure.o)
                              C:/ST/STM32CubeIDE_1.15.1/STM32CubeIDE/plugins/com.st.stm32cube.ide.mcu.externaltools.gnu-tools-for-stm32.12.3.rel1.win32_1.0.100.202403111256/tools/bin/../lib/gcc/arm-none-eabi/12.3.1/../../../../arm-none-eabi/lib/thumb/v6-m/nofp\libc_nano.a(libc_a-reent.o) (_impure_ptr)
C:/ST/STM32CubeIDE_1.15.1/STM32CubeIDE/plugins/com.st.stm32cube.ide.mcu.externaltools.gnu-tools-for-stm32.12.3.rel1.win32_1.0.100.202403111256/tools/bin/../lib/gcc/arm-none-eabi/12.3.1/../../../../arm-none-eabi/lib/thumb/v6-m/nofp\libc_nano.a(libc_a-lseekr.o)
[...]
Memory Configuration

Name             Origin             Length             Attributes
RAM              0x20000000         0x00008000         xrw
FLASH            0x08000000         0x00040000         xr
*default*        0x00000000         0xffffffff

Linker script and memory map

LOAD C:/ST/STM32CubeIDE_1.15.1/STM32CubeIDE/plugins/com.st.stm32cube.ide.mcu.externaltools.gnu-tools-for-stm32.12.3.rel1.win32_1.0.100.202403111256/tools/bin/../lib/gcc/arm-none-eabi/12.3.1/thumb/v6-m/nofp/crti.o
LOAD C:/ST/STM32CubeIDE_1.15.1/STM32CubeIDE/plugins/com.st.stm32cube.ide.mcu.externaltools.gnu-tools-for-stm32.12.3.rel1.win32_1.0.100.202403111256/tools/bin/../lib/gcc/arm-none-eabi/12.3.1/thumb/v6-m/nofp/crtbegin.o
LOAD C:/ST/STM32CubeIDE_1.15.1/STM32CubeIDE/plugins/com.st.stm32cube.ide.mcu.externaltools.gnu-tools-for-stm32.12.3.rel1.win32_1.0.100.202403111256/tools/bin/../lib/gcc/arm-none-eabi/12.3.1/../../../../arm-none-eabi/lib/thumb/v6-m/nofp/crt0.o
LOAD ./Src/I2C.o
LOAD ./Src/LED.o
LOAD ./Src/UART.o
LOAD ./Src/gpio_init.o
LOAD ./Src/main.o
LOAD ./Src/mpu6050.o
LOAD ./Src/syscalls.o
LOAD ./Src/sysmem.o
LOAD ./Src/timer.o
LOAD ./Startup/startup_stm32f091rctx.o
LOAD ../Lib\libstm_startup.a
START GROUP
LOAD C:/ST/STM32CubeIDE_1.15.1/STM32CubeIDE/plugins/com.st.stm32cube.ide.mcu.externaltools.gnu-tools-for-stm32.12.3.rel1.win32_1.0.100.202403111256/tools/bin/../lib/gcc/arm-none-eabi/12.3.1/../../../../arm-none-eabi/lib/thumb/v6-m/nofp\libc_nano.a
LOAD C:/ST/STM32CubeIDE_1.15.1/STM32CubeIDE/plugins/com.st.stm32cube.ide.mcu.externaltools.gnu-tools-for-stm32.12.3.rel1.win32_1.0.100.202403111256/tools/bin/../lib/gcc/arm-none-eabi/12.3.1/../../../../arm-none-eabi/lib/thumb/v6-m/nofp\libm.a
END GROUP
START GROUP
LOAD C:/ST/STM32CubeIDE_1.15.1/STM32CubeIDE/plugins/com.st.stm32cube.ide.mcu.externaltools.gnu-tools-for-stm32.12.3.rel1.win32_1.0.100.202403111256/tools/bin/../lib/gcc/arm-none-eabi/12.3.1/thumb/v6-m/nofp\libgcc.a
LOAD C:/ST/STM32CubeIDE_1.15.1/STM32CubeIDE/plugins/com.st.stm32cube.ide.mcu.externaltools.gnu-tools-for-stm32.12.3.rel1.win32_1.0.100.202403111256/tools/bin/../lib/gcc/arm-none-eabi/12.3.1/../../../../arm-none-eabi/lib/thumb/v6-m/nofp\libc_nano.a
END GROUP
START GROUP
LOAD C:/ST/STM32CubeIDE_1.15.1/STM32CubeIDE/plugins/com.st.stm32cube.ide.mcu.externaltools.gnu-tools-for-stm32.12.3.rel1.win32_1.0.100.202403111256/tools/bin/../lib/gcc/arm-none-eabi/12.3.1/thumb/v6-m/nofp\libgcc.a
LOAD C:/ST/STM32CubeIDE_1.15.1/STM32CubeIDE/plugins/com.st.stm32cube.ide.mcu.externaltools.gnu-tools-for-stm32.12.3.rel1.win32_1.0.100.202403111256/tools/bin/../lib/gcc/arm-none-eabi/12.3.1/../../../../arm-none-eabi/lib/thumb/v6-m/nofp\libc_nano.a
LOAD C:/ST/STM32CubeIDE_1.15.1/STM32CubeIDE/plugins/com.st.stm32cube.ide.mcu.externaltools.gnu-tools-for-stm32.12.3.rel1.win32_1.0.100.202403111256/tools/bin/../lib/gcc/arm-none-eabi/12.3.1/../../../../arm-none-eabi/lib/thumb/v6-m/nofp\libnosys.a
END GROUP
START GROUP
LOAD C:/ST/STM32CubeIDE_1.15.1/STM32CubeIDE/plugins/com.st.stm32cube.ide.mcu.externaltools.gnu-tools-for-stm32.12.3.rel1.win32_1.0.100.202403111256/tools/bin/../lib/gcc/arm-none-eabi/12.3.1/thumb/v6-m/nofp\libgcc.a
LOAD C:/ST/STM32CubeIDE_1.15.1/STM32CubeIDE/plugins/com.st.stm32cube.ide.mcu.externaltools.gnu-tools-for-stm32.12.3.rel1.win32_1.0.100.202403111256/tools/bin/../lib/gcc/arm-none-eabi/12.3.1/../../../../arm-none-eabi/lib/thumb/v6-m/nofp\libc_nano.a
LOAD C:/ST/STM32CubeIDE_1.15.1/STM32CubeIDE/plugins/com.st.stm32cube.ide.mcu.externaltools.gnu-tools-for-stm32.12.3.rel1.win32_1.0.100.202403111256/tools/bin/../lib/gcc/arm-none-eabi/12.3.1/../../../../arm-none-eabi/lib/thumb/v6-m/nofp\libnosys.a
END GROUP
LOAD C:/ST/STM32CubeIDE_1.15.1/STM32CubeIDE/plugins/com.st.stm32cube.ide.mcu.externaltools.gnu-tools-for-stm32.12.3.rel1.win32_1.0.100.202403111256/tools/bin/../lib/gcc/arm-none-eabi/12.3.1/thumb/v6-m/nofp/crtend.o
LOAD C:/ST/STM32CubeIDE_1.15.1/STM32CubeIDE/plugins/com.st.stm32cube.ide.mcu.externaltools.gnu-tools-for-stm32.12.3.rel1.win32_1.0.100.202403111256/tools/bin/../lib/gcc/arm-none-eabi/12.3.1/thumb/v6-m/nofp/crtn.o
                0x20008000                        _estack = (ORIGIN (RAM) + LENGTH (RAM))
                0x00000200                        _Min_Heap_Size = 0x200
                0x00000400                        _Min_Stack_Size = 0x400

.isr_vector     0x08000000       0xc0
                0x08000000                        . = ALIGN (0x4)
 *(.isr_vector)
 .isr_vector    0x08000000       0xc0 ./Startup/startup_stm32f091rctx.o
                0x08000000                g_pfnVectors
                0x080000c0                        . = ALIGN (0x4)

.text           0x080000c0     0x4704
                0x080000c0                        . = ALIGN (0x4)
 *(.text)
 .text          0x080000c0       0x48 C:/ST/STM32CubeIDE_1.15.1/STM32CubeIDE/plugins/com.st.stm32cube.ide.mcu.externaltools.gnu-tools-for-stm32.12.3.rel1.win32_1.0.100.202403111256/tools/bin/../lib/gcc/arm-none-eabi/12.3.1/thumb/v6-m/nofp/crtbegin.o
 .text          0x08000108      0x114 C:/ST/STM32CubeIDE_1.15.1/STM32CubeIDE/plugins/com.st.stm32cube.ide.mcu.externaltools.gnu-tools-for-stm32.12.3.rel1.win32_1.0.100.202403111256/tools/bin/../lib/gcc/arm-none-eabi/12.3.1/thumb/v6-m/nofp\libgcc.a(_udivsi3.o)
                0x08000108                __aeabi_uidiv
                0x08000108                __udivsi3
                0x08000214                __aeabi_uidivmod
 .text          0x0800021c      0x1d4 C:/ST/STM32CubeIDE_1.15.1/STM32CubeIDE/plugins/com.st.stm32cube.ide.mcu.externaltools.gnu-tools-for-stm32.12.3.rel1.win32_1.0.100.202403111256/tools/bin/../lib/gcc/arm-none-eabi/12.3.1/thumb/v6-m/nofp\libgcc.a(_divsi3.o)
                0x0800021c                __divsi3
                0x0800021c                __aeabi_idiv
                0x080003e8                __aeabi_idivmod
 .text          0x080003f0        0x4 C:/ST/STM32CubeIDE_1.15.1/STM32CubeIDE/plugins/com.st.stm32cube.ide.mcu.externaltools.gnu-tools-for-stm32.12.3.rel1.win32_1.0.100.202403111256/tools/bin/../lib/gcc/arm-none-eabi/12.3.1/thumb/v6-m/nofp\libgcc.a(_dvmd_tls.o)
                0x080003f0                __aeabi_idiv0
                0x080003f0                __aeabi_ldiv0
 .text          0x080003f4       0x7c C:/ST/STM32CubeIDE_1.15.1/STM32CubeIDE/plugins/com.st.stm32cube.ide.mcu.externaltools.gnu-tools-for-stm32.12.3.rel1.win32_1.0.100.202403111256/tools/bin/../lib/gcc/arm-none-eabi/12.3.1/thumb/v6-m/nofp\libgcc.a(_arm_cmpdf2.o)
                0x080003f4                __aeabi_cdrcmple
                0x08000404                __aeabi_cdcmple
                0x08000404                __aeabi_cdcmpeq
                0x08000414                __aeabi_dcmpeq
                0x08000420                __aeabi_dcmplt
                0x08000434                __aeabi_dcmple
                0x08000448                __aeabi_dcmpgt
                0x0800045c                __aeabi_dcmpge
 .text          0x08000470       0x74 C:/ST/STM32CubeIDE_1.15.1/STM32CubeIDE/plugins/com.st.stm32cube.ide.mcu.externaltools.gnu-tools-for-stm32.12.3.rel1.win32_1.0.100.202403111256/tools/bin/../lib/gcc/arm-none-eabi/12.3.1/thumb/v6-m/nofp\libgcc.a(_arm_cmpsf2.o)
                0x08000470                __aeabi_cfrcmple
                0x08000478                __aeabi_cfcmpeq
                0x08000478                __aeabi_cfcmple
                0x08000488                __aeabi_fcmpeq
                0x08000494                __aeabi_fcmplt
                0x080004a8                __aeabi_fcmple
                0x080004bc                __aeabi_fcmpgt
                0x080004d0                __aeabi_fcmpge
 .text          0x080004e4      0x314 C:/ST/STM32CubeIDE_1.15.1/STM32CubeIDE/plugins/com.st.stm32cube.ide.mcu.externaltools.gnu-tools-for-stm32.12.3.rel1.win32_1.0.100.202403111256/tools/bin/../lib/gcc/arm-none-eabi/12.3.1/thumb/v6-m/nofp\libgcc.a(addsf3.o)
                0x080004e4                __aeabi_fadd
 .text          0x080007f8      0x240 C:/ST/STM32CubeIDE_1.15.1/STM32CubeIDE/plugins/com.st.stm32cube.ide.mcu.externaltools.gnu-tools-for-stm32.12.3.rel1.win32_1.0.100.202403111256/tools/bin/../lib/gcc/arm-none-eabi/12.3.1/thumb/v6-m/nofp\libgcc.a(divsf3.o)
                0x080007f8                __aeabi_fdiv
 .text          0x08000a38       0x50 C:/ST/STM32CubeIDE_1.15.1/STM32CubeIDE/plugins/com.st.stm32cube.ide.mcu.externaltools.gnu-tools-for-stm32.12.3.rel1.win32_1.0.100.202403111256/tools/bin/../lib/gcc/arm-none-eabi/12.3.1/thumb/v6-m/nofp\libgcc.a(eqsf2.o)
                0x08000a38                __eqsf2
                0x08000a38                __nesf2
 .text          0x08000a88       0xa0 C:/ST/STM32CubeIDE_1.15.1/STM32CubeIDE/plugins/com.st.stm32cube.ide.mcu.externaltools.gnu-tools-for-stm32.12.3.rel1.win32_1.0.100.202403111256/tools/bin/../lib/gcc/arm-none-eabi/12.3.1/thumb/v6-m/nofp\libgcc.a(gesf2.o)
                0x08000a88                __gesf2
                0x08000a88                __gtsf2
 .text          0x08000b28       0x9c C:/ST/STM32CubeIDE_1.15.1/STM32CubeIDE/plugins/com.st.stm32cube.ide.mcu.externaltools.gnu-tools-for-stm32.12.3.rel1.win32_1.0.100.202403111256/tools/bin/../lib/gcc/arm-none-eabi/12.3.1/thumb/v6-m/nofp\libgcc.a(lesf2.o)
                0x08000b28                __ltsf2
                0x08000b28                __lesf2
 .text          0x08000bc4      0x27c C:/ST/STM32CubeIDE_1.15.1/STM32CubeIDE/plugins/com.st.stm32cube.ide.mcu.externaltools.gnu-tools-for-stm32.12.3.rel1.win32_1.0.100.202403111256/tools/bin/../lib/gcc/arm-none-eabi/12.3.1/thumb/v6-m/nofp\libgcc.a(mulsf3.o)
                0x08000bc4                __aeabi_fmul
 .text          0x08000e40      0x348 C:/ST/STM32CubeIDE_1.15.1/STM32CubeIDE/plugins/com.st.stm32cube.ide.mcu.externaltools.gnu-tools-for-stm32.12.3.rel1.win32_1.0.100.202403111256/tools/bin/../lib/gcc/arm-none-eabi/12.3.1/thumb/v6-m/nofp\libgcc.a(subsf3.o)
                0x08000e40                __aeabi_fsub
 .text          0x08001188       0x40 C:/ST/STM32CubeIDE_1.15.1/STM32CubeIDE/plugins/com.st.stm32cube.ide.mcu.externaltools.gnu-tools-for-stm32.12.3.rel1.win32_1.0.100.202403111256/tools/bin/../lib/gcc/arm-none-eabi/12.3.1/thumb/v6-m/nofp\libgcc.a(fixsfsi.o)
                0x08001188                __aeabi_f2iz
 .text          0x080011c8       0x98 C:/ST/STM32CubeIDE_1.15.1/STM32CubeIDE/plugins/com.st.stm32cube.ide.mcu.externaltools.gnu-tools-for-stm32.12.3.rel1.win32_1.0.100.202403111256/tools/bin/../lib/gcc/arm-none-eabi/12.3.1/thumb/v6-m/nofp\libgcc.a(floatsisf.o)
                0x080011c8                __aeabi_i2f
 .text          0x08001260      0x6c8 C:/ST/STM32CubeIDE_1.15.1/STM32CubeIDE/plugins/com.st.stm32cube.ide.mcu.externaltools.gnu-tools-for-stm32.12.3.rel1.win32_1.0.100.202403111256/tools/bin/../lib/gcc/arm-none-eabi/12.3.1/thumb/v6-m/nofp\libgcc.a(adddf3.o)
                0x08001260                __aeabi_dadd
 .text          0x08001928      0x634 C:/ST/STM32CubeIDE_1.15.1/STM32CubeIDE/plugins/com.st.stm32cube.ide.mcu.externaltools.gnu-tools-for-stm32.12.3.rel1.win32_1.0.100.202403111256/tools/bin/../lib/gcc/arm-none-eabi/12.3.1/thumb/v6-m/nofp\libgcc.a(divdf3.o)
                0x08001928                __aeabi_ddiv
 .text          0x08001f5c       0x88 C:/ST/STM32CubeIDE_1.15.1/STM32CubeIDE/plugins/com.st.stm32cube.ide.mcu.externaltools.gnu-tools-for-stm32.12.3.rel1.win32_1.0.100.202403111256/tools/bin/../lib/gcc/arm-none-eabi/12.3.1/thumb/v6-m/nofp\libgcc.a(eqdf2.o)
                0x08001f5c                __nedf2
                0x08001f5c                __eqdf2
 .text          0x08001fe4       0xe8 C:/ST/STM32CubeIDE_1.15.1/STM32CubeIDE/plugins/com.st.stm32cube.ide.mcu.externaltools.gnu-tools-for-stm32.12.3.rel1.win32_1.0.100.202403111256/tools/bin/../lib/gcc/arm-none-eabi/12.3.1/thumb/v6-m/nofp\libgcc.a(gedf2.o)
                0x08001fe4                __gedf2
                0x08001fe4                __gtdf2
 .text          0x080020cc       0xe4 C:/ST/STM32CubeIDE_1.15.1/STM32CubeIDE/plugins/com.st.stm32cube.ide.mcu.externaltools.gnu-tools-for-stm32.12.3.rel1.win32_1.0.100.202403111256/tools/bin/../lib/gcc/arm-none-eabi/12.3.1/thumb/v6-m/nofp\libgcc.a(ledf2.o)
                0x080020cc                __ledf2
                0x080020cc                __ltdf2
 .text          0x080021b0      0x590 C:/ST/STM32CubeIDE_1.15.1/STM32CubeIDE/plugins/com.st.stm32cube.ide.mcu.externaltools.gnu-tools-for-stm32.12.3.rel1.win32_1.0.100.202403111256/tools/bin/../lib/gcc/arm-none-eabi/12.3.1/thumb/v6-m/nofp\libgcc.a(muldf3.o)
                0x080021b0                __aeabi_dmul
 .text          0x08002740      0x738 C:/ST/STM32CubeIDE_1.15.1/STM32CubeIDE/plugins/com.st.stm32cube.ide.mcu.externaltools.gnu-tools-for-stm32.12.3.rel1.win32_1.0.100.202403111256/tools/bin/../lib/gcc/arm-none-eabi/12.3.1/thumb/v6-m/nofp\libgcc.a(subdf3.o)
                0x08002740                __aeabi_dsub
 .text          0x08002e78       0x44 C:/ST/STM32CubeIDE_1.15.1/STM32CubeIDE/plugins/com.st.stm32cube.ide.mcu.externaltools.gnu-tools-for-stm32.12.3.rel1.win32_1.0.100.202403111256/tools/bin/../lib/gcc/arm-none-eabi/12.3.1/thumb/v6-m/nofp\libgcc.a(unorddf2.o)
                0x08002e78                __aeabi_dcmpun
 .text          0x08002ebc       0x5c C:/ST/STM32CubeIDE_1.15.1/STM32CubeIDE/plugins/com.st.stm32cube.ide.mcu.externaltools.gnu-tools-for-stm32.12.3.rel1.win32_1.0.100.202403111256/tools/bin/../lib/gcc/arm-none-eabi/12.3.1/thumb/v6-m/nofp\libgcc.a(floatsidf.o)
                0x08002ebc                __aeabi_i2d
 .text          0x08002f18       0x90 C:/ST/STM32CubeIDE_1.15.1/STM32CubeIDE/plugins/com.st.stm32cube.ide.mcu.externaltools.gnu-tools-for-stm32.12.3.rel1.win32_1.0.100.202403111256/tools/bin/../lib/gcc/arm-none-eabi/12.3.1/thumb/v6-m/nofp\libgcc.a(extendsfdf2.o)
                0x08002f18                __aeabi_f2d
 .text          0x08002fa8      0x108 C:/ST/STM32CubeIDE_1.15.1/STM32CubeIDE/plugins/com.st.stm32cube.ide.mcu.externaltools.gnu-tools-for-stm32.12.3.rel1.win32_1.0.100.202403111256/tools/bin/../lib/gcc/arm-none-eabi/12.3.1/thumb/v6-m/nofp\libgcc.a(truncdfsf2.o)
                0x08002fa8                __aeabi_d2f
 .text          0x080030b0       0x3c C:/ST/STM32CubeIDE_1.15.1/STM32CubeIDE/plugins/com.st.stm32cube.ide.mcu.externaltools.gnu-tools-for-stm32.12.3.rel1.win32_1.0.100.202403111256/tools/bin/../lib/gcc/arm-none-eabi/12.3.1/thumb/v6-m/nofp\libgcc.a(_clzsi2.o)
                0x080030b0                __clzsi2
 *(.text*)
 .text.I2C_Init
                0x080030ec       0xac ./Src/I2C.o
                0x080030ec                I2C_Init
 .text.I2C_Write
                0x08003198       0xb0 ./Src/I2C.o
                0x08003198                I2C_Write
 .text.I2C_ReadMultiple
                0x08003248       0xf8 ./Src/I2C.o
                0x08003248                I2C_ReadMultiple
 .text.LED_Control
                0x08003340       0xcc ./Src/LED.o
                0x08003340                LED_Control
 .text.USART2_Init
                0x0800340c       0x60 ./Src/UART.o
                0x0800340c                USART2_Init
 .text.putstr   0x0800346c       0x38 ./Src/UART.o
                0x0800346c                putstr
 .text.puthex   0x080034a4       0x6c ./Src/UART.o
                0x080034a4                puthex
 .text.GPIO_Init
                0x08003510       0x38 ./Src/gpio_init.o
                0x08003510                GPIO_Init
 .text.PushButton_PC13_Init_new
                0x08003548       0x4c ./Src/gpio_init.o
                0x08003548                PushButton_PC13_Init_new
 .text.isButtonPressed_new
                0x08003594       0x20 ./Src/gpio_init.o
                0x08003594                isButtonPressed_new
 .text.__NVIC_SetPriority
                0x080035b4       0xdc ./Src/main.o
 .text.SysTick_Config
                0x08003690       0x48 ./Src/main.o
 .text.main     0x080036d8      0x3e8 ./Src/main.o
                0x080036d8                main
 .text.calculateAngles
                0x08003ac0      0x108 ./Src/mpu6050.o
                0x08003ac0                calculateAngles
 .text.updateMovingAverage
                0x08003bc8       0xe4 ./Src/mpu6050.o
                0x08003bc8                updateMovingAverage
 .text.floatToStr
                0x08003cac      0x144 ./Src/mpu6050.o
                0x08003cac                floatToStr
 .text.combineBytes
                0x08003df0       0x2c ./Src/mpu6050.o
                0x08003df0                combineBytes
 .text.SysTick_Handler
                0x08003e1c       0x18 ./Src/timer.o
                0x08003e1c                SysTick_Handler
 .text.Delay_ms
                0x08003e34       0x2c ./Src/timer.o
                0x08003e34                Delay_ms
 .text.Reset_Handler
                0x08003e60       0x54 ./Startup/startup_stm32f091rctx.o
                0x08003e60                Reset_Handler
 .text.Default_Handler
                0x08003eb4        0x2 ./Startup/startup_stm32f091rctx.o
                0x08003eb4                DMA1_CH4_5_6_7_DMA2_CH3_4_5_IRQHandler
                0x08003eb4                TIM1_CC_IRQHandler
                0x08003eb4                TSC_IRQHandler
                0x08003eb4                HardFault_Handler
                0x08003eb4                PVD_IRQHandler
                0x08003eb4                PendSV_Handler
                0x08003eb4                NMI_Handler
                0x08003eb4                I2C1_IRQHandler
                0x08003eb4                RCC_CRS_IRQHandler
                0x08003eb4                SPI1_IRQHandler
                0x08003eb4                TIM6_DAC_IRQHandler
                0x08003eb4                EXTI2_3_IRQHandler
                0x08003eb4                I2C2_IRQHandler
                0x08003eb4                TIM17_IRQHandler
                0x08003eb4                CEC_CAN_IRQHandler
                0x08003eb4                RTC_IRQHandler
                0x08003eb4                TIM16_IRQHandler
                0x08003eb4                TIM3_IRQHandler
                0x08003eb4                EXTI4_15_IRQHandler
                0x08003eb4                Default_Handler
                0x08003eb4                DMA1_CH2_3_DMA2_CH1_2_IRQHandler
                0x08003eb4                TIM14_IRQHandler
                0x08003eb4                TIM7_IRQHandler
                0x08003eb4                TIM15_IRQHandler
                0x08003eb4                EXTI0_1_IRQHandler
                0x08003eb4                USB_IRQHandler
                0x08003eb4                SPI2_IRQHandler
                0x08003eb4                DMA1_CH1_IRQHandler
                0x08003eb4                SVC_Handler
                0x08003eb4                WWDG_IRQHandler
                0x08003eb4                TIM2_IRQHandler
                0x08003eb4                ADC_COMP_IRQHandler
                0x08003eb4                USART2_IRQHandler
                0x08003eb4                USART3_4_5_6_7_8_IRQHandler
                0x08003eb4                FLASH_IRQHandler
                0x08003eb4                USART1_IRQHandler
                0x08003eb4                TIM1_BRK_UP_TRG_COM_IRQHandler
 *fill*         0x08003eb6        0x2 
 .text.Set_Clocks_To_48MHz
                0x08003eb8       0x7c ../Lib\libstm_startup.a(clock.o)
                0x08003eb8                Set_Clocks_To_48MHz
 .text.SystemInit
                0x08003f34       0x8c ../Lib\libstm_startup.a(system_stm32f0xx.o)
                0x08003f34                SystemInit
 .text.SystemCoreClockUpdate
                0x08003fc0      0x120 ../Lib\libstm_startup.a(system_stm32f0xx.o)
                0x08003fc0                SystemCoreClockUpdate
 .text.__errno  0x080040e0        0xc C:/ST/STM32CubeIDE_1.15.1/STM32CubeIDE/plugins/com.st.stm32cube.ide.mcu.externaltools.gnu-tools-for-stm32.12.3.rel1.win32_1.0.100.202403111256/tools/bin/../lib/gcc/arm-none-eabi/12.3.1/../../../../arm-none-eabi/lib/thumb/v6-m/nofp\libc_nano.a(libc_a-errno.o)
                0x080040e0                __errno
 .text.__libc_init_array
                0x080040ec       0x48 C:/ST/STM32CubeIDE_1.15.1/STM32CubeIDE/plugins/com.st.stm32cube.ide.mcu.externaltools.gnu-tools-for-stm32.12.3.rel1.win32_1.0.100.202403111256/tools/bin/../lib/gcc/arm-none-eabi/12.3.1/../../../../arm-none-eabi/lib/thumb/v6-m/nofp\libc_nano.a(libc_a-init.o)
                0x080040ec                __libc_init_array
 .text.atan2    0x08004134        0x8 C:/ST/STM32CubeIDE_1.15.1/STM32CubeIDE/plugins/com.st.stm32cube.ide.mcu.externaltools.gnu-tools-for-stm32.12.3.rel1.win32_1.0.100.202403111256/tools/bin/../lib/gcc/arm-none-eabi/12.3.1/../../../../arm-none-eabi/lib/thumb/v6-m/nofp\libm.a(libm_a-w_atan2.o)
                0x08004134                atan2
 .text.sqrt     0x0800413c       0x4c C:/ST/STM32CubeIDE_1.15.1/STM32CubeIDE/plugins/com.st.stm32cube.ide.mcu.externaltools.gnu-tools-for-stm32.12.3.rel1.win32_1.0.100.202403111256/tools/bin/../lib/gcc/arm-none-eabi/12.3.1/../../../../arm-none-eabi/lib/thumb/v6-m/nofp\libm.a(libm_a-w_sqrt.o)
                0x0800413c                sqrt
 .text.__ieee754_sqrt
                0x08004188      0x1d0 C:/ST/STM32CubeIDE_1.15.1/STM32CubeIDE/plugins/com.st.stm32cube.ide.mcu.externaltools.gnu-tools-for-stm32.12.3.rel1.win32_1.0.100.202403111256/tools/bin/../lib/gcc/arm-none-eabi/12.3.1/../../../../arm-none-eabi/lib/thumb/v6-m/nofp\libm.a(libm_a-e_sqrt.o)
                0x08004188                __ieee754_sqrt
 .text.__ieee754_atan2
                0x08004358      0x14c C:/ST/STM32CubeIDE_1.15.1/STM32CubeIDE/plugins/com.st.stm32cube.ide.mcu.externaltools.gnu-tools-for-stm32.12.3.rel1.win32_1.0.100.202403111256/tools/bin/../lib/gcc/arm-none-eabi/12.3.1/../../../../arm-none-eabi/lib/thumb/v6-m/nofp\libm.a(libm_a-e_atan2.o)
                0x08004358                __ieee754_atan2
 .text.atan     0x080044a4      0x300 C:/ST/STM32CubeIDE_1.15.1/STM32CubeIDE/plugins/com.st.stm32cube.ide.mcu.externaltools.gnu-tools-for-stm32.12.3.rel1.win32_1.0.100.202403111256/tools/bin/../lib/gcc/arm-none-eabi/12.3.1/../../../../arm-none-eabi/lib/thumb/v6-m/nofp\libm.a(libm_a-s_atan.o)
                0x080044a4                atan
 .text.fabs     0x080047a4        0x8 C:/ST/STM32CubeIDE_1.15.1/STM32CubeIDE/plugins/com.st.stm32cube.ide.mcu.externaltools.gnu-tools-for-stm32.12.3.rel1.win32_1.0.100.202403111256/tools/bin/../lib/gcc/arm-none-eabi/12.3.1/../../../../arm-none-eabi/lib/thumb/v6-m/nofp\libm.a(libm_a-s_fabs.o)
                0x080047a4                fabs
 *(.glue_7)
 .glue_7        0x080047ac        0x0 linker stubs
 *(.glue_7t)
 .glue_7t       0x080047ac        0x0 linker stubs
 *(.eh_frame)
 .eh_frame      0x080047ac        0x0 C:/ST/STM32CubeIDE_1.15.1/STM32CubeIDE/plugins/com.st.stm32cube.ide.mcu.externaltools.gnu-tools-for-stm32.12.3.rel1.win32_1.0.100.202403111256/tools/bin/../lib/gcc/arm-none-eabi/12.3.1/thumb/v6-m/nofp/crtbegin.o
 *(.init)
 .init          0x080047ac        0x4 C:/ST/STM32CubeIDE_1.15.1/STM32CubeIDE/plugins/com.st.stm32cube.ide.mcu.externaltools.gnu-tools-for-stm32.12.3.rel1.win32_1.0.100.202403111256/tools/bin/../lib/gcc/arm-none-eabi/12.3.1/thumb/v6-m/nofp/crti.o
                0x080047ac                _init
 .init          0x080047b0        0x8 C:/ST/STM32CubeIDE_1.15.1/STM32CubeIDE/plugins/com.st.stm32cube.ide.mcu.externaltools.gnu-tools-for-stm32.12.3.rel1.win32_1.0.100.202403111256/tools/bin/../lib/gcc/arm-none-eabi/12.3.1/thumb/v6-m/nofp/crtn.o
 *(.fini)
 .fini          0x080047b8        0x4 C:/ST/STM32CubeIDE_1.15.1/STM32CubeIDE/plugins/com.st.stm32cube.ide.mcu.externaltools.gnu-tools-for-stm32.12.3.rel1.win32_1.0.100.202403111256/tools/bin/../lib/gcc/arm-none-eabi/12.3.1/thumb/v6-m/nofp/crti.o
                0x080047b8                _fini
 .fini          0x080047bc        0x8 C:/ST/STM32CubeIDE_1.15.1/STM32CubeIDE/plugins/com.st.stm32cube.ide.mcu.externaltools.gnu-tools-for-stm32.12.3.rel1.win32_1.0.100.202403111256/tools/bin/../lib/gcc/arm-none-eabi/12.3.1/thumb/v6-m/nofp/crtn.o
                0x080047c4                        . = ALIGN (0x4)
                0x080047c4                        _etext = .

.vfp11_veneer   0x080047c4        0x0
 .vfp11_veneer  0x080047c4        0x0 linker stubs

.v4_bx          0x080047c4        0x0
 .v4_bx         0x080047c4        0x0 linker stubs

.iplt           0x080047c4        0x0
 .iplt          0x080047c4        0x0 C:/ST/STM32CubeIDE_1.15.1/STM32CubeIDE/plugins/com.st.stm32cube.ide.mcu.externaltools.gnu-tools-for-stm32.12.3.rel1.win32_1.0.100.202403111256/tools/bin/../lib/gcc/arm-none-eabi/12.3.1/thumb/v6-m/nofp/crtbegin.o

.rodata         0x080047c8      0x310
                0x080047c8                        . = ALIGN (0x4)
 *(.rodata)
 .rodata        0x080047c8       0x19 ./Src/UART.o
 *fill*         0x080047e1        0x3 
 .rodata        0x080047e4      0x19d ./Src/main.o
 *fill*         0x08004981        0x3 
 .rodata        0x08004984       0x7c C:/ST/STM32CubeIDE_1.15.1/STM32CubeIDE/plugins/com.st.stm32cube.ide.mcu.externaltools.gnu-tools-for-stm32.12.3.rel1.win32_1.0.100.202403111256/tools/bin/../lib/gcc/arm-none-eabi/12.3.1/thumb/v6-m/nofp\libgcc.a(divsf3.o)
 .rodata        0x08004a00       0x40 C:/ST/STM32CubeIDE_1.15.1/STM32CubeIDE/plugins/com.st.stm32cube.ide.mcu.externaltools.gnu-tools-for-stm32.12.3.rel1.win32_1.0.100.202403111256/tools/bin/../lib/gcc/arm-none-eabi/12.3.1/thumb/v6-m/nofp\libgcc.a(divdf3.o)
 *(.rodata*)
 .rodata.LED_Control
                0x08004a40       0x14 ./Src/LED.o
 .rodata.AHBPrescTable
                0x08004a54       0x10 ../Lib\libstm_startup.a(system_stm32f0xx.o)
                0x08004a54                AHBPrescTable
 *fill*         0x08004a64        0x4 
 .rodata.CSWTCH.9
                0x08004a68       0x18 C:/ST/STM32CubeIDE_1.15.1/STM32CubeIDE/plugins/com.st.stm32cube.ide.mcu.externaltools.gnu-tools-for-stm32.12.3.rel1.win32_1.0.100.202403111256/tools/bin/../lib/gcc/arm-none-eabi/12.3.1/../../../../arm-none-eabi/lib/thumb/v6-m/nofp\libm.a(libm_a-e_atan2.o)
 .rodata.CSWTCH.8
                0x08004a80       0x18 C:/ST/STM32CubeIDE_1.15.1/STM32CubeIDE/plugins/com.st.stm32cube.ide.mcu.externaltools.gnu-tools-for-stm32.12.3.rel1.win32_1.0.100.202403111256/tools/bin/../lib/gcc/arm-none-eabi/12.3.1/../../../../arm-none-eabi/lib/thumb/v6-m/nofp\libm.a(libm_a-e_atan2.o)
 .rodata.atanlo
                0x08004a98       0x20 C:/ST/STM32CubeIDE_1.15.1/STM32CubeIDE/plugins/com.st.stm32cube.ide.mcu.externaltools.gnu-tools-for-stm32.12.3.rel1.win32_1.0.100.202403111256/tools/bin/../lib/gcc/arm-none-eabi/12.3.1/../../../../arm-none-eabi/lib/thumb/v6-m/nofp\libm.a(libm_a-s_atan.o)
 .rodata.atanhi
                0x08004ab8       0x20 C:/ST/STM32CubeIDE_1.15.1/STM32CubeIDE/plugins/com.st.stm32cube.ide.mcu.externaltools.gnu-tools-for-stm32.12.3.rel1.win32_1.0.100.202403111256/tools/bin/../lib/gcc/arm-none-eabi/12.3.1/../../../../arm-none-eabi/lib/thumb/v6-m/nofp\libm.a(libm_a-s_atan.o)
                0x08004ad8                        . = ALIGN (0x4)

.ARM.extab      0x08004ad8        0x0
                0x08004ad8                        . = ALIGN (0x4)
 *(.ARM.extab* .gnu.linkonce.armextab.*)
                0x08004ad8                        . = ALIGN (0x4)

.ARM            0x08004ad8        0x0
                0x08004ad8                        . = ALIGN (0x4)
                0x08004ad8                        __exidx_start = .
 *(.ARM.exidx*)
                0x08004ad8                        __exidx_end = .
                0x08004ad8                        . = ALIGN (0x4)

.preinit_array  0x08004ad8        0x0
                0x08004ad8                        . = ALIGN (0x4)
                0x08004ad8                        PROVIDE (__preinit_array_start = .)
 *(.preinit_array*)
                0x08004ad8                        PROVIDE (__preinit_array_end = .)
                0x08004ad8                        . = ALIGN (0x4)

.init_array     0x08004ad8        0x4
                0x08004ad8                        . = ALIGN (0x4)
                0x08004ad8                        PROVIDE (__init_array_start = .)
 *(SORT_BY_NAME(.init_array.*))
 *(.init_array*)
 .init_array    0x08004ad8        0x4 C:/ST/STM32CubeIDE_1.15.1/STM32CubeIDE/plugins/com.st.stm32cube.ide.mcu.externaltools.gnu-tools-for-stm32.12.3.rel1.win32_1.0.100.202403111256/tools/bin/../lib/gcc/arm-none-eabi/12.3.1/thumb/v6-m/nofp/crtbegin.o
                0x08004adc                        PROVIDE (__init_array_end = .)
                0x08004adc                        . = ALIGN (0x4)

.fini_array     0x08004adc        0x4
                0x08004adc                        . = ALIGN (0x4)
                [!provide]                        PROVIDE (__fini_array_start = .)
 *(SORT_BY_NAME(.fini_array.*))
 *(.fini_array*)
 .fini_array    0x08004adc        0x4 C:/ST/STM32CubeIDE_1.15.1/STM32CubeIDE/plugins/com.st.stm32cube.ide.mcu.externaltools.gnu-tools-for-stm32.12.3.rel1.win32_1.0.100.202403111256/tools/bin/../lib/gcc/arm-none-eabi/12.3.1/thumb/v6-m/nofp/crtbegin.o
                [!provide]                        PROVIDE (__fini_array_end = .)
                0x08004ae0                        . = ALIGN (0x4)
                0x08004ae0                        _sidata = LOADADDR (.data)

.rel.dyn        0x08004ae0        0x0
 .rel.iplt      0x08004ae0        0x0 C:/ST/STM32CubeIDE_1.15.1/STM32CubeIDE/plugins/com.st.stm32cube.ide.mcu.externaltools.gnu-tools-for-stm32.12.3.rel1.win32_1.0.100.202403111256/tools/bin/../lib/gcc/arm-none-eabi/12.3.1/thumb/v6-m/nofp/crtbegin.o

.data           0x20000000       0x68 load address 0x08004ae0
                0x20000000                        . = ALIGN (0x4)
                0x20000000                        _sdata = .
 *(.data)
 *(.data*)
 .data.SystemCoreClock
                0x20000000        0x4 ../Lib\libstm_startup.a(system_stm32f0xx.o)
                0x20000000                SystemCoreClock
 .data._impure_ptr
                0x20000004        0x4 C:/ST/STM32CubeIDE_1.15.1/STM32CubeIDE/plugins/com.st.stm32cube.ide.mcu.externaltools.gnu-tools-for-stm32.12.3.rel1.win32_1.0.100.202403111256/tools/bin/../lib/gcc/arm-none-eabi/12.3.1/../../../../arm-none-eabi/lib/thumb/v6-m/nofp\libc_nano.a(libc_a-impure.o)
                0x20000004                _impure_ptr
 .data._impure_data
                0x20000008       0x4c C:/ST/STM32CubeIDE_1.15.1/STM32CubeIDE/plugins/com.st.stm32cube.ide.mcu.externaltools.gnu-tools-for-stm32.12.3.rel1.win32_1.0.100.202403111256/tools/bin/../lib/gcc/arm-none-eabi/12.3.1/../../../../arm-none-eabi/lib/thumb/v6-m/nofp\libc_nano.a(libc_a-impure.o)
                0x20000008                _impure_data
 *fill*         0x20000054        0x4 
 .data.tiny     0x20000058        0x8 C:/ST/STM32CubeIDE_1.15.1/STM32CubeIDE/plugins/com.st.stm32cube.ide.mcu.externaltools.gnu-tools-for-stm32.12.3.rel1.win32_1.0.100.202403111256/tools/bin/../lib/gcc/arm-none-eabi/12.3.1/../../../../arm-none-eabi/lib/thumb/v6-m/nofp\libm.a(libm_a-e_sqrt.o)
 .data.one      0x20000060        0x8 C:/ST/STM32CubeIDE_1.15.1/STM32CubeIDE/plugins/com.st.stm32cube.ide.mcu.externaltools.gnu-tools-for-stm32.12.3.rel1.win32_1.0.100.202403111256/tools/bin/../lib/gcc/arm-none-eabi/12.3.1/../../../../arm-none-eabi/lib/thumb/v6-m/nofp\libm.a(libm_a-e_sqrt.o)
 *(.RamFunc)
 *(.RamFunc*)
                0x20000068                        . = ALIGN (0x4)
                0x20000068                        _edata = .

.igot.plt       0x20000068        0x0 load address 0x08004b48
 .igot.plt      0x20000068        0x0 C:/ST/STM32CubeIDE_1.15.1/STM32CubeIDE/plugins/com.st.stm32cube.ide.mcu.externaltools.gnu-tools-for-stm32.12.3.rel1.win32_1.0.100.202403111256/tools/bin/../lib/gcc/arm-none-eabi/12.3.1/thumb/v6-m/nofp/crtbegin.o
                0x20000068                        . = ALIGN (0x4)

.bss            0x20000068      0x1c0 load address 0x08004b48
                0x20000068                        _sbss = .
                0x20000068                        __bss_start__ = _sbss
 *(.bss)
 .bss           0x20000068       0x1c C:/ST/STM32CubeIDE_1.15.1/STM32CubeIDE/plugins/com.st.stm32cube.ide.mcu.externaltools.gnu-tools-for-stm32.12.3.rel1.win32_1.0.100.202403111256/tools/bin/../lib/gcc/arm-none-eabi/12.3.1/thumb/v6-m/nofp/crtbegin.o
 *(.bss*)
 .bss.last_blink_time.0
                0x20000084        0x4 ./Src/LED.o
 .bss.ref_pitch
                0x20000088        0x4 ./Src/main.o
                0x20000088                ref_pitch
 .bss.ref_roll  0x2000008c        0x4 ./Src/main.o
                0x2000008c                ref_roll
 .bss.pitch_buffer
                0x20000090       0x28 ./Src/mpu6050.o
                0x20000090                pitch_buffer
 .bss.roll_buffer
                0x200000b8       0x28 ./Src/mpu6050.o
                0x200000b8                roll_buffer
 .bss.avg_index
                0x200000e0        0x4 ./Src/mpu6050.o
                0x200000e0                avg_index
 .bss.pitch_sum
                0x200000e4        0x4 ./Src/mpu6050.o
                0x200000e4                pitch_sum
 .bss.roll_sum  0x200000e8        0x4 ./Src/mpu6050.o
                0x200000e8                roll_sum
 .bss.timer_ticks
                0x200000ec        0x4 ./Src/timer.o
                0x200000ec                timer_ticks
 .bss.__sf      0x200000f0      0x138 C:/ST/STM32CubeIDE_1.15.1/STM32CubeIDE/plugins/com.st.stm32cube.ide.mcu.externaltools.gnu-tools-for-stm32.12.3.rel1.win32_1.0.100.202403111256/tools/bin/../lib/gcc/arm-none-eabi/12.3.1/../../../../arm-none-eabi/lib/thumb/v6-m/nofp\libc_nano.a(libc_a-findfp.o)
                0x200000f0                __sf
 *(COMMON)
                0x20000228                        . = ALIGN (0x4)
                0x20000228                        _ebss = .
                0x20000228                        __bss_end__ = _ebss

._user_heap_stack
                0x20000228      0x600 load address 0x08004b48
                0x20000228                        . = ALIGN (0x8)
                [!provide]                        PROVIDE (end = .)
                0x20000228                        PROVIDE (_end = .)
                0x20000428                        . = (. + _Min_Heap_Size)
 *fill*         0x20000228      0x200 
                0x20000828                        . = (. + _Min_Stack_Size)
 *fill*         0x20000428      0x400 
                0x20000828                        . = ALIGN (0x8)

/DISCARD/
 libc.a(*)
 libm.a(*)
 libgcc.a(*)

.ARM.attributes
                0x00000000       0x28
 *(.ARM.attributes)
 .ARM.attributes
                0x00000000       0x1e C:/ST/STM32CubeIDE_1.15.1/STM32CubeIDE/plugins/com.st.stm32cube.ide.mcu.externaltools.gnu-tools-for-stm32.12.3.rel1.win32_1.0.100.202403111256/tools/bin/../lib/gcc/arm-none-eabi/12.3.1/thumb/v6-m/nofp/crti.o
 .ARM.attributes
                0x0000001e       0x2c C:/ST/STM32CubeIDE_1.15.1/STM32CubeIDE/plugins/com.st.stm32cube.ide.mcu.externaltools.gnu-tools-for-stm32.12.3.rel1.win32_1.0.100.202403111256/tools/bin/../lib/gcc/arm-none-eabi/12.3.1/thumb/v6-m/nofp/crtbegin.o
 .ARM.attributes
                0x0000004a       0x2c ./Src/I2C.o
 .ARM.attributes
                0x00000076       0x2c ./Src/LED.o
 .ARM.attributes
                0x000000a2       0x2c ./Src/UART.o
 .ARM.attributes
                0x000000ce       0x2c ./Src/gpio_init.o
 .ARM.attributes
                0x000000fa       0x2c ./Src/main.o
 .ARM.attributes
                0x00000126       0x2c ./Src/mpu6050.o
 .ARM.attributes
                0x00000152       0x2c ./Src/timer.o
 .ARM.attributes
                0x0000017e       0x21 ./Startup/startup_stm32f091rctx.o
 .ARM.attributes
                0x0000019f       0x2c ../Lib\libstm_startup.a(clock.o)
 .ARM.attributes
                0x000001cb       0x2c ../Lib\libstm_startup.a(system_stm32f0xx.o)
 .ARM.attributes
                0x000001f7       0x2c C:/ST/STM32CubeIDE_1.15.1/STM32CubeIDE/plugins/com.st.stm32cube.ide.mcu.externaltools.gnu-tools-for-stm32.12.3.rel1.win32_1.0.100.202403111256/tools/bin/../lib/gcc/arm-none-eabi/12.3.1/../../../../arm-none-eabi/lib/thumb/v6-m/nofp\libc_nano.a(libc_a-findfp.o)
 .ARM.attributes
                0x00000223       0x2c C:/ST/STM32CubeIDE_1.15.1/STM32CubeIDE/plugins/com.st.stm32cube.ide.mcu.externaltools.gnu-tools-for-stm32.12.3.rel1.win32_1.0.100.202403111256/tools/bin/../lib/gcc/arm-none-eabi/12.3.1/../../../../arm-none-eabi/lib/thumb/v6-m/nofp\libc_nano.a(libc_a-impure.o)
 .ARM.attributes
                0x0000024f       0x2c C:/ST/STM32CubeIDE_1.15.1/STM32CubeIDE/plugins/com.st.stm32cube.ide.mcu.externaltools.gnu-tools-for-stm32.12.3.rel1.win32_1.0.100.202403111256/tools/bin/../lib/gcc/arm-none-eabi/12.3.1/../../../../arm-none-eabi/lib/thumb/v6-m/nofp\libc_nano.a(libc_a-errno.o)
 .ARM.attributes
                0x0000027b       0x2c C:/ST/STM32CubeIDE_1.15.1/STM32CubeIDE/plugins/com.st.stm32cube.ide.mcu.externaltools.gnu-tools-for-stm32.12.3.rel1.win32_1.0.100.202403111256/tools/bin/../lib/gcc/arm-none-eabi/12.3.1/../../../../arm-none-eabi/lib/thumb/v6-m/nofp\libc_nano.a(libc_a-init.o)
 .ARM.attributes
                0x000002a7       0x2c C:/ST/STM32CubeIDE_1.15.1/STM32CubeIDE/plugins/com.st.stm32cube.ide.mcu.externaltools.gnu-tools-for-stm32.12.3.rel1.win32_1.0.100.202403111256/tools/bin/../lib/gcc/arm-none-eabi/12.3.1/../../../../arm-none-eabi/lib/thumb/v6-m/nofp\libm.a(libm_a-w_atan2.o)
 .ARM.attributes
                0x000002d3       0x2c C:/ST/STM32CubeIDE_1.15.1/STM32CubeIDE/plugins/com.st.stm32cube.ide.mcu.externaltools.gnu-tools-for-stm32.12.3.rel1.win32_1.0.100.202403111256/tools/bin/../lib/gcc/arm-none-eabi/12.3.1/../../../../arm-none-eabi/lib/thumb/v6-m/nofp\libm.a(libm_a-w_sqrt.o)
 .ARM.attributes
                0x000002ff       0x2c C:/ST/STM32CubeIDE_1.15.1/STM32CubeIDE/plugins/com.st.stm32cube.ide.mcu.externaltools.gnu-tools-for-stm32.12.3.rel1.win32_1.0.100.202403111256/tools/bin/../lib/gcc/arm-none-eabi/12.3.1/../../../../arm-none-eabi/lib/thumb/v6-m/nofp\libm.a(libm_a-e_sqrt.o)
 .ARM.attributes
                0x0000032b       0x2c C:/ST/STM32CubeIDE_1.15.1/STM32CubeIDE/plugins/com.st.stm32cube.ide.mcu.externaltools.gnu-tools-for-stm32.12.3.rel1.win32_1.0.100.202403111256/tools/bin/../lib/gcc/arm-none-eabi/12.3.1/../../../../arm-none-eabi/lib/thumb/v6-m/nofp\libm.a(libm_a-e_atan2.o)
 .ARM.attributes
                0x00000357       0x2c C:/ST/STM32CubeIDE_1.15.1/STM32CubeIDE/plugins/com.st.stm32cube.ide.mcu.externaltools.gnu-tools-for-stm32.12.3.rel1.win32_1.0.100.202403111256/tools/bin/../lib/gcc/arm-none-eabi/12.3.1/../../../../arm-none-eabi/lib/thumb/v6-m/nofp\libm.a(libm_a-s_atan.o)
 .ARM.attributes
                0x00000383       0x2c C:/ST/STM32CubeIDE_1.15.1/STM32CubeIDE/plugins/com.st.stm32cube.ide.mcu.externaltools.gnu-tools-for-stm32.12.3.rel1.win32_1.0.100.202403111256/tools/bin/../lib/gcc/arm-none-eabi/12.3.1/../../../../arm-none-eabi/lib/thumb/v6-m/nofp\libm.a(libm_a-s_fabs.o)
 .ARM.attributes
                0x000003af       0x1e C:/ST/STM32CubeIDE_1.15.1/STM32CubeIDE/plugins/com.st.stm32cube.ide.mcu.externaltools.gnu-tools-for-stm32.12.3.rel1.win32_1.0.100.202403111256/tools/bin/../lib/gcc/arm-none-eabi/12.3.1/thumb/v6-m/nofp\libgcc.a(_udivsi3.o)
 .ARM.attributes
                0x000003cd       0x1e C:/ST/STM32CubeIDE_1.15.1/STM32CubeIDE/plugins/com.st.stm32cube.ide.mcu.externaltools.gnu-tools-for-stm32.12.3.rel1.win32_1.0.100.202403111256/tools/bin/../lib/gcc/arm-none-eabi/12.3.1/thumb/v6-m/nofp\libgcc.a(_divsi3.o)
 .ARM.attributes
                0x000003eb       0x1e C:/ST/STM32CubeIDE_1.15.1/STM32CubeIDE/plugins/com.st.stm32cube.ide.mcu.externaltools.gnu-tools-for-stm32.12.3.rel1.win32_1.0.100.202403111256/tools/bin/../lib/gcc/arm-none-eabi/12.3.1/thumb/v6-m/nofp\libgcc.a(_dvmd_tls.o)
 .ARM.attributes
                0x00000409       0x1e C:/ST/STM32CubeIDE_1.15.1/STM32CubeIDE/plugins/com.st.stm32cube.ide.mcu.externaltools.gnu-tools-for-stm32.12.3.rel1.win32_1.0.100.202403111256/tools/bin/../lib/gcc/arm-none-eabi/12.3.1/thumb/v6-m/nofp\libgcc.a(_arm_cmpdf2.o)
 .ARM.attributes
                0x00000427       0x1e C:/ST/STM32CubeIDE_1.15.1/STM32CubeIDE/plugins/com.st.stm32cube.ide.mcu.externaltools.gnu-tools-for-stm32.12.3.rel1.win32_1.0.100.202403111256/tools/bin/../lib/gcc/arm-none-eabi/12.3.1/thumb/v6-m/nofp\libgcc.a(_arm_cmpsf2.o)
 .ARM.attributes
                0x00000445       0x2c C:/ST/STM32CubeIDE_1.15.1/STM32CubeIDE/plugins/com.st.stm32cube.ide.mcu.externaltools.gnu-tools-for-stm32.12.3.rel1.win32_1.0.100.202403111256/tools/bin/../lib/gcc/arm-none-eabi/12.3.1/thumb/v6-m/nofp\libgcc.a(addsf3.o)
 .ARM.attributes
                0x00000471       0x2c C:/ST/STM32CubeIDE_1.15.1/STM32CubeIDE/plugins/com.st.stm32cube.ide.mcu.externaltools.gnu-tools-for-stm32.12.3.rel1.win32_1.0.100.202403111256/tools/bin/../lib/gcc/arm-none-eabi/12.3.1/thumb/v6-m/nofp\libgcc.a(divsf3.o)
 .ARM.attributes
                0x0000049d       0x2c C:/ST/STM32CubeIDE_1.15.1/STM32CubeIDE/plugins/com.st.stm32cube.ide.mcu.externaltools.gnu-tools-for-stm32.12.3.rel1.win32_1.0.100.202403111256/tools/bin/../lib/gcc/arm-none-eabi/12.3.1/thumb/v6-m/nofp\libgcc.a(eqsf2.o)
 .ARM.attributes
                0x000004c9       0x2c C:/ST/STM32CubeIDE_1.15.1/STM32CubeIDE/plugins/com.st.stm32cube.ide.mcu.externaltools.gnu-tools-for-stm32.12.3.rel1.win32_1.0.100.202403111256/tools/bin/../lib/gcc/arm-none-eabi/12.3.1/thumb/v6-m/nofp\libgcc.a(gesf2.o)
 .ARM.attributes
                0x000004f5       0x2c C:/ST/STM32CubeIDE_1.15.1/STM32CubeIDE/plugins/com.st.stm32cube.ide.mcu.externaltools.gnu-tools-for-stm32.12.3.rel1.win32_1.0.100.202403111256/tools/bin/../lib/gcc/arm-none-eabi/12.3.1/thumb/v6-m/nofp\libgcc.a(lesf2.o)
 .ARM.attributes
                0x00000521       0x2c C:/ST/STM32CubeIDE_1.15.1/STM32CubeIDE/plugins/com.st.stm32cube.ide.mcu.externaltools.gnu-tools-for-stm32.12.3.rel1.win32_1.0.100.202403111256/tools/bin/../lib/gcc/arm-none-eabi/12.3.1/thumb/v6-m/nofp\libgcc.a(mulsf3.o)
 .ARM.attributes
                0x0000054d       0x2c C:/ST/STM32CubeIDE_1.15.1/STM32CubeIDE/plugins/com.st.stm32cube.ide.mcu.externaltools.gnu-tools-for-stm32.12.3.rel1.win32_1.0.100.202403111256/tools/bin/../lib/gcc/arm-none-eabi/12.3.1/thumb/v6-m/nofp\libgcc.a(subsf3.o)
 .ARM.attributes
                0x00000579       0x2c C:/ST/STM32CubeIDE_1.15.1/STM32CubeIDE/plugins/com.st.stm32cube.ide.mcu.externaltools.gnu-tools-for-stm32.12.3.rel1.win32_1.0.100.202403111256/tools/bin/../lib/gcc/arm-none-eabi/12.3.1/thumb/v6-m/nofp\libgcc.a(fixsfsi.o)
 .ARM.attributes
                0x000005a5       0x2c C:/ST/STM32CubeIDE_1.15.1/STM32CubeIDE/plugins/com.st.stm32cube.ide.mcu.externaltools.gnu-tools-for-stm32.12.3.rel1.win32_1.0.100.202403111256/tools/bin/../lib/gcc/arm-none-eabi/12.3.1/thumb/v6-m/nofp\libgcc.a(floatsisf.o)
 .ARM.attributes
                0x000005d1       0x2c C:/ST/STM32CubeIDE_1.15.1/STM32CubeIDE/plugins/com.st.stm32cube.ide.mcu.externaltools.gnu-tools-for-stm32.12.3.rel1.win32_1.0.100.202403111256/tools/bin/../lib/gcc/arm-none-eabi/12.3.1/thumb/v6-m/nofp\libgcc.a(adddf3.o)
 .ARM.attributes
                0x000005fd       0x2c C:/ST/STM32CubeIDE_1.15.1/STM32CubeIDE/plugins/com.st.stm32cube.ide.mcu.externaltools.gnu-tools-for-stm32.12.3.rel1.win32_1.0.100.202403111256/tools/bin/../lib/gcc/arm-none-eabi/12.3.1/thumb/v6-m/nofp\libgcc.a(divdf3.o)
 .ARM.attributes
                0x00000629       0x2c C:/ST/STM32CubeIDE_1.15.1/STM32CubeIDE/plugins/com.st.stm32cube.ide.mcu.externaltools.gnu-tools-for-stm32.12.3.rel1.win32_1.0.100.202403111256/tools/bin/../lib/gcc/arm-none-eabi/12.3.1/thumb/v6-m/nofp\libgcc.a(eqdf2.o)
 .ARM.attributes
                0x00000655       0x2c C:/ST/STM32CubeIDE_1.15.1/STM32CubeIDE/plugins/com.st.stm32cube.ide.mcu.externaltools.gnu-tools-for-stm32.12.3.rel1.win32_1.0.100.202403111256/tools/bin/../lib/gcc/arm-none-eabi/12.3.1/thumb/v6-m/nofp\libgcc.a(gedf2.o)
 .ARM.attributes
                0x00000681       0x2c C:/ST/STM32CubeIDE_1.15.1/STM32CubeIDE/plugins/com.st.stm32cube.ide.mcu.externaltools.gnu-tools-for-stm32.12.3.rel1.win32_1.0.100.202403111256/tools/bin/../lib/gcc/arm-none-eabi/12.3.1/thumb/v6-m/nofp\libgcc.a(ledf2.o)
 .ARM.attributes
                0x000006ad       0x2c C:/ST/STM32CubeIDE_1.15.1/STM32CubeIDE/plugins/com.st.stm32cube.ide.mcu.externaltools.gnu-tools-for-stm32.12.3.rel1.win32_1.0.100.202403111256/tools/bin/../lib/gcc/arm-none-eabi/12.3.1/thumb/v6-m/nofp\libgcc.a(muldf3.o)
 .ARM.attributes
                0x000006d9       0x2c C:/ST/STM32CubeIDE_1.15.1/STM32CubeIDE/plugins/com.st.stm32cube.ide.mcu.externaltools.gnu-tools-for-stm32.12.3.rel1.win32_1.0.100.202403111256/tools/bin/../lib/gcc/arm-none-eabi/12.3.1/thumb/v6-m/nofp\libgcc.a(subdf3.o)
 .ARM.attributes
                0x00000705       0x2c C:/ST/STM32CubeIDE_1.15.1/STM32CubeIDE/plugins/com.st.stm32cube.ide.mcu.externaltools.gnu-tools-for-stm32.12.3.rel1.win32_1.0.100.202403111256/tools/bin/../lib/gcc/arm-none-eabi/12.3.1/thumb/v6-m/nofp\libgcc.a(unorddf2.o)
 .ARM.attributes
                0x00000731       0x2c C:/ST/STM32CubeIDE_1.15.1/STM32CubeIDE/plugins/com.st.stm32cube.ide.mcu.externaltools.gnu-tools-for-stm32.12.3.rel1.win32_1.0.100.202403111256/tools/bin/../lib/gcc/arm-none-eabi/12.3.1/thumb/v6-m/nofp\libgcc.a(floatsidf.o)
 .ARM.attributes
                0x0000075d       0x2c C:/ST/STM32CubeIDE_1.15.1/STM32CubeIDE/plugins/com.st.stm32cube.ide.mcu.externaltools.gnu-tools-for-stm32.12.3.rel1.win32_1.0.100.202403111256/tools/bin/../lib/gcc/arm-none-eabi/12.3.1/thumb/v6-m/nofp\libgcc.a(extendsfdf2.o)
 .ARM.attributes
                0x00000789       0x2c C:/ST/STM32CubeIDE_1.15.1/STM32CubeIDE/plugins/com.st.stm32cube.ide.mcu.externaltools.gnu-tools-for-stm32.12.3.rel1.win32_1.0.100.202403111256/tools/bin/../lib/gcc/arm-none-eabi/12.3.1/thumb/v6-m/nofp\libgcc.a(truncdfsf2.o)
 .ARM.attributes
                0x000007b5       0x1e C:/ST/STM32CubeIDE_1.15.1/STM32CubeIDE/plugins/com.st.stm32cube.ide.mcu.externaltools.gnu-tools-for-stm32.12.3.rel1.win32_1.0.100.202403111256/tools/bin/../lib/gcc/arm-none-eabi/12.3.1/thumb/v6-m/nofp\libgcc.a(_clzsi2.o)
 .ARM.attributes
                0x000007d3       0x1e C:/ST/STM32CubeIDE_1.15.1/STM32CubeIDE/plugins/com.st.stm32cube.ide.mcu.externaltools.gnu-tools-for-stm32.12.3.rel1.win32_1.0.100.202403111256/tools/bin/../lib/gcc/arm-none-eabi/12.3.1/thumb/v6-m/nofp/crtn.o
OUTPUT(FINAL_PES_PROJECT.elf elf32-littlearm)
LOAD linker stubs
LOAD C:/ST/STM32CubeIDE_1.15.1/STM32CubeIDE/plugins/com.st.stm32cube.ide.mcu.externaltools.gnu-tools-for-stm32.12.3.rel1.win32_1.0.100.202403111256/tools/bin/../lib/gcc/arm-none-eabi/12.3.1/../../../../arm-none-eabi/lib/thumb/v6-m/nofp\libc.a
LOAD C:/ST/STM32CubeIDE_1.15.1/STM32CubeIDE/plugins/com.st.stm32cube.ide.mcu.externaltools.gnu-tools-for-stm32.12.3.rel1.win32_1.0.100.202403111256/tools/bin/../lib/gcc/arm-none-eabi/12.3.1/../../../../arm-none-eabi/lib/thumb/v6-m/nofp\libm.a
LOAD C:/ST/STM32CubeIDE_1.15.1/STM32CubeIDE/plugins/com.st.stm32cube.ide.mcu.externaltools.gnu-tools-for-stm32.12.3.rel1.win32_1.0.100.202403111256/tools/bin/../lib/gcc/arm-none-eabi/12.3.1/thumb/v6-m/nofp\libgcc.a

.debug_info     0x00000000     0x1aea
 .debug_info    0x00000000      0x355 ./Src/I2C.o
 .debug_info    0x00000355      0x1ac ./Src/LED.o
 .debug_info    0x00000501      0x38b ./Src/UART.o
 .debug_info    0x0000088c      0x220 ./Src/gpio_init.o
 .debug_info    0x00000aac      0x747 ./Src/main.o
 .debug_info    0x000011f3      0x2f0 ./Src/mpu6050.o
 .debug_info    0x000014e3      0x190 ./Src/timer.o
 .debug_info    0x00001673       0x30 ./Startup/startup_stm32f091rctx.o
 .debug_info    0x000016a3      0x1f4 ../Lib\libstm_startup.a(clock.o)
 .debug_info    0x00001897      0x253 ../Lib\libstm_startup.a(system_stm32f0xx.o)

.debug_abbrev   0x00000000      0xab5
 .debug_abbrev  0x00000000      0x119 ./Src/I2C.o
 .debug_abbrev  0x00000119      0x102 ./Src/LED.o
 .debug_abbrev  0x0000021b      0x12f ./Src/UART.o
 .debug_abbrev  0x0000034a       0xd2 ./Src/gpio_init.o
 .debug_abbrev  0x0000041c      0x216 ./Src/main.o
 .debug_abbrev  0x00000632      0x13f ./Src/mpu6050.o
 .debug_abbrev  0x00000771      0x14c ./Src/timer.o
 .debug_abbrev  0x000008bd       0x24 ./Startup/startup_stm32f091rctx.o
 .debug_abbrev  0x000008e1       0xa5 ../Lib\libstm_startup.a(clock.o)
 .debug_abbrev  0x00000986      0x12f ../Lib\libstm_startup.a(system_stm32f0xx.o)

.debug_aranges  0x00000000      0x1c8
 .debug_aranges
                0x00000000       0x30 ./Src/I2C.o
 .debug_aranges
                0x00000030       0x20 ./Src/LED.o
 .debug_aranges
                0x00000050       0x30 ./Src/UART.o
 .debug_aranges
                0x00000080       0x30 ./Src/gpio_init.o
 .debug_aranges
                0x000000b0       0x30 ./Src/main.o
 .debug_aranges
                0x000000e0       0x38 ./Src/mpu6050.o
 .debug_aranges
                0x00000118       0x38 ./Src/timer.o
 .debug_aranges
                0x00000150       0x28 ./Startup/startup_stm32f091rctx.o
 .debug_aranges
                0x00000178       0x28 ../Lib\libstm_startup.a(clock.o)
 .debug_aranges
                0x000001a0       0x28 ../Lib\libstm_startup.a(system_stm32f0xx.o)

.debug_rnglists
                0x00000000      0x130
 .debug_rnglists
                0x00000000       0x22 ./Src/I2C.o
 .debug_rnglists
                0x00000022       0x14 ./Src/LED.o
 .debug_rnglists
                0x00000036       0x1f ./Src/UART.o
 .debug_rnglists
                0x00000055       0x1f ./Src/gpio_init.o
 .debug_rnglists
                0x00000074       0x21 ./Src/main.o
 .debug_rnglists
                0x00000095       0x28 ./Src/mpu6050.o
 .debug_rnglists
                0x000000bd       0x25 ./Src/timer.o
 .debug_rnglists
                0x000000e2       0x19 ./Startup/startup_stm32f091rctx.o
 .debug_rnglists
                0x000000fb       0x1a ../Lib\libstm_startup.a(clock.o)
 .debug_rnglists
                0x00000115       0x1b ../Lib\libstm_startup.a(system_stm32f0xx.o)

.debug_macro    0x00000000    0x13e25
 .debug_macro   0x00000000       0xba ./Src/I2C.o
 .debug_macro   0x000000ba      0xa9c ./Src/I2C.o
 .debug_macro   0x00000b56       0x22 ./Src/I2C.o
 .debug_macro   0x00000b78       0x22 ./Src/I2C.o
 .debug_macro   0x00000b9a       0x8e ./Src/I2C.o
 .debug_macro   0x00000c28       0x51 ./Src/I2C.o
 .debug_macro   0x00000c79      0x103 ./Src/I2C.o
 .debug_macro   0x00000d7c       0x6a ./Src/I2C.o
 .debug_macro   0x00000de6      0x1df ./Src/I2C.o
 .debug_macro   0x00000fc5       0x1c ./Src/I2C.o
 .debug_macro   0x00000fe1       0x22 ./Src/I2C.o
 .debug_macro   0x00001003       0xdd ./Src/I2C.o
 .debug_macro   0x000010e0      0x391 ./Src/I2C.o
 .debug_macro   0x00001471    0x10e4f ./Src/I2C.o
 .debug_macro   0x000122c0       0x52 ./Src/I2C.o
 .debug_macro   0x00012312       0xc4 ./Src/LED.o
 .debug_macro   0x000123d6       0x22 ./Src/LED.o
 .debug_macro   0x000123f8       0xb4 ./Src/UART.o
 .debug_macro   0x000124ac       0x5e ./Src/UART.o
 .debug_macro   0x0001250a       0xb4 ./Src/gpio_init.o
 .debug_macro   0x000125be       0x2e ./Src/gpio_init.o
 .debug_macro   0x000125ec      0x2b1 ./Src/main.o
 .debug_macro   0x0001289d       0x61 ./Src/main.o
 .debug_macro   0x000128fe       0x24 ./Src/main.o
 .debug_macro   0x00012922       0x43 ./Src/main.o
 .debug_macro   0x00012965       0x34 ./Src/main.o
 .debug_macro   0x00012999       0x16 ./Src/main.o
 .debug_macro   0x000129af       0x9e ./Src/main.o
 .debug_macro   0x00012a4d      0x369 ./Src/main.o
 .debug_macro   0x00012db6      0x10b ./Src/main.o
 .debug_macro   0x00012ec1       0x10 ./Src/main.o
 .debug_macro   0x00012ed1       0x16 ./Src/main.o
 .debug_macro   0x00012ee7       0x43 ./Src/main.o
 .debug_macro   0x00012f2a       0x34 ./Src/main.o
 .debug_macro   0x00012f5e       0x10 ./Src/main.o
 .debug_macro   0x00012f6e       0x58 ./Src/main.o
 .debug_macro   0x00012fc6       0x8e ./Src/main.o
 .debug_macro   0x00013054       0x1c ./Src/main.o
 .debug_macro   0x00013070      0x177 ./Src/main.o
 .debug_macro   0x000131e7       0x16 ./Src/main.o
 .debug_macro   0x000131fd       0x16 ./Src/main.o
 .debug_macro   0x00013213      0x146 ./Src/main.o
 .debug_macro   0x00013359       0x28 ./Src/main.o
 .debug_macro   0x00013381       0x66 ./Src/main.o
 .debug_macro   0x000133e7      0x19b ./Src/main.o
 .debug_macro   0x00013582       0x52 ./Src/main.o
 .debug_macro   0x000135d4       0x2e ./Src/main.o
 .debug_macro   0x00013602       0x22 ./Src/main.o
 .debug_macro   0x00013624      0x134 ./Src/mpu6050.o
 .debug_macro   0x00013758       0x5b ./Src/mpu6050.o
 .debug_macro   0x000137b3       0x94 ./Src/mpu6050.o
 .debug_macro   0x00013847      0x189 ./Src/mpu6050.o
 .debug_macro   0x000139d0       0x57 ./Src/mpu6050.o
 .debug_macro   0x00013a27       0xb5 ./Src/timer.o
 .debug_macro   0x00013adc      0x18c ../Lib\libstm_startup.a(clock.o)
 .debug_macro   0x00013c68      0x1bd ../Lib\libstm_startup.a(system_stm32f0xx.o)

.debug_line     0x00000000     0x381f
 .debug_line    0x00000000      0x676 ./Src/I2C.o
 .debug_line    0x00000676      0x4e7 ./Src/LED.o
 .debug_line    0x00000b5d      0x524 ./Src/UART.o
 .debug_line    0x00001081      0x4f3 ./Src/gpio_init.o
 .debug_line    0x00001574      0x848 ./Src/main.o
 .debug_line    0x00001dbc      0x6f1 ./Src/mpu6050.o
 .debug_line    0x000024ad      0x4fe ./Src/timer.o
 .debug_line    0x000029ab       0x7c ./Startup/startup_stm32f091rctx.o
 .debug_line    0x00002a27      0x700 ../Lib\libstm_startup.a(clock.o)
 .debug_line    0x00003127      0x6f8 ../Lib\libstm_startup.a(system_stm32f0xx.o)

.debug_str      0x00000000    0x67515
 .debug_str     0x00000000    0x621ed ./Src/I2C.o
                              0x6236a (size before relaxing)
 .debug_str     0x000621ed       0xdd ./Src/LED.o
                              0x6228d (size before relaxing)
 .debug_str     0x000622ca      0x150 ./Src/UART.o
                              0x6237c (size before relaxing)
 .debug_str     0x0006241a       0x7a ./Src/gpio_init.o
                              0x622a9 (size before relaxing)
 .debug_str     0x00062494     0x4d5c ./Src/main.o
                              0x67378 (size before relaxing)
 .debug_str     0x000671f0       0xbf ./Src/mpu6050.o
                               0x7a86 (size before relaxing)
 .debug_str     0x000672af       0x75 ./Src/timer.o
                              0x6221f (size before relaxing)
 .debug_str     0x00067324       0x3f ./Startup/startup_stm32f091rctx.o
                                 0x84 (size before relaxing)
 .debug_str     0x00067363       0xdc ../Lib\libstm_startup.a(clock.o)
                              0x65cbb (size before relaxing)
 .debug_str     0x0006743f       0xd6 ../Lib\libstm_startup.a(system_stm32f0xx.o)
                              0x662d3 (size before relaxing)

.comment        0x00000000       0x43
 .comment       0x00000000       0x43 ./Src/I2C.o
                                 0x44 (size before relaxing)
 .comment       0x00000043       0x44 ./Src/LED.o
 .comment       0x00000043       0x44 ./Src/UART.o
 .comment       0x00000043       0x44 ./Src/gpio_init.o
 .comment       0x00000043       0x44 ./Src/main.o
 .comment       0x00000043       0x44 ./Src/mpu6050.o
 .comment       0x00000043       0x44 ./Src/timer.o
 .comment       0x00000043       0x44 ../Lib\libstm_startup.a(clock.o)
 .comment       0x00000043       0x44 ../Lib\libstm_startup.a(system_stm32f0xx.o)

.debug_frame    0x00000000      0xa6c
 .debug_frame   0x00000000       0x6c ./Src/I2C.o
 .debug_frame   0x0000006c       0x30 ./Src/LED.o
 .debug_frame   0x0000009c       0x70 ./Src/UART.o
 .debug_frame   0x0000010c       0x64 ./Src/gpio_init.o
 .debug_frame   0x00000170       0x74 ./Src/main.o
 .debug_frame   0x000001e4       0x94 ./Src/mpu6050.o
 .debug_frame   0x00000278       0x88 ./Src/timer.o
 .debug_frame   0x00000300       0x48 ../Lib\libstm_startup.a(clock.o)
 .debug_frame   0x00000348       0x4c ../Lib\libstm_startup.a(system_stm32f0xx.o)
 .debug_frame   0x00000394      0x138 C:/ST/STM32CubeIDE_1.15.1/STM32CubeIDE/plugins/com.st.stm32cube.ide.mcu.externaltools.gnu-tools-for-stm32.12.3.rel1.win32_1.0.100.202403111256/tools/bin/../lib/gcc/arm-none-eabi/12.3.1/../../../../arm-none-eabi/lib/thumb/v6-m/nofp\libc_nano.a(libc_a-findfp.o)
 .debug_frame   0x000004cc       0x20 C:/ST/STM32CubeIDE_1.15.1/STM32CubeIDE/plugins/com.st.stm32cube.ide.mcu.externaltools.gnu-tools-for-stm32.12.3.rel1.win32_1.0.100.202403111256/tools/bin/../lib/gcc/arm-none-eabi/12.3.1/../../../../arm-none-eabi/lib/thumb/v6-m/nofp\libc_nano.a(libc_a-errno.o)
 .debug_frame   0x000004ec       0x2c C:/ST/STM32CubeIDE_1.15.1/STM32CubeIDE/plugins/com.st.stm32cube.ide.mcu.externaltools.gnu-tools-for-stm32.12.3.rel1.win32_1.0.100.202403111256/tools/bin/../lib/gcc/arm-none-eabi/12.3.1/../../../../arm-none-eabi/lib/thumb/v6-m/nofp\libc_nano.a(libc_a-init.o)
 .debug_frame   0x00000518       0x28 C:/ST/STM32CubeIDE_1.15.1/STM32CubeIDE/plugins/com.st.stm32cube.ide.mcu.externaltools.gnu-tools-for-stm32.12.3.rel1.win32_1.0.100.202403111256/tools/bin/../lib/gcc/arm-none-eabi/12.3.1/../../../../arm-none-eabi/lib/thumb/v6-m/nofp\libm.a(libm_a-w_atan2.o)
 .debug_frame   0x00000540       0x30 C:/ST/STM32CubeIDE_1.15.1/STM32CubeIDE/plugins/com.st.stm32cube.ide.mcu.externaltools.gnu-tools-for-stm32.12.3.rel1.win32_1.0.100.202403111256/tools/bin/../lib/gcc/arm-none-eabi/12.3.1/../../../../arm-none-eabi/lib/thumb/v6-m/nofp\libm.a(libm_a-w_sqrt.o)
 .debug_frame   0x00000570       0x30 C:/ST/STM32CubeIDE_1.15.1/STM32CubeIDE/plugins/com.st.stm32cube.ide.mcu.externaltools.gnu-tools-for-stm32.12.3.rel1.win32_1.0.100.202403111256/tools/bin/../lib/gcc/arm-none-eabi/12.3.1/../../../../arm-none-eabi/lib/thumb/v6-m/nofp\libm.a(libm_a-e_sqrt.o)
 .debug_frame   0x000005a0       0x30 C:/ST/STM32CubeIDE_1.15.1/STM32CubeIDE/plugins/com.st.stm32cube.ide.mcu.externaltools.gnu-tools-for-stm32.12.3.rel1.win32_1.0.100.202403111256/tools/bin/../lib/gcc/arm-none-eabi/12.3.1/../../../../arm-none-eabi/lib/thumb/v6-m/nofp\libm.a(libm_a-e_atan2.o)
 .debug_frame   0x000005d0       0x30 C:/ST/STM32CubeIDE_1.15.1/STM32CubeIDE/plugins/com.st.stm32cube.ide.mcu.externaltools.gnu-tools-for-stm32.12.3.rel1.win32_1.0.100.202403111256/tools/bin/../lib/gcc/arm-none-eabi/12.3.1/../../../../arm-none-eabi/lib/thumb/v6-m/nofp\libm.a(libm_a-s_atan.o)
 .debug_frame   0x00000600       0x20 C:/ST/STM32CubeIDE_1.15.1/STM32CubeIDE/plugins/com.st.stm32cube.ide.mcu.externaltools.gnu-tools-for-stm32.12.3.rel1.win32_1.0.100.202403111256/tools/bin/../lib/gcc/arm-none-eabi/12.3.1/../../../../arm-none-eabi/lib/thumb/v6-m/nofp\libm.a(libm_a-s_fabs.o)
 .debug_frame   0x00000620       0x20 C:/ST/STM32CubeIDE_1.15.1/STM32CubeIDE/plugins/com.st.stm32cube.ide.mcu.externaltools.gnu-tools-for-stm32.12.3.rel1.win32_1.0.100.202403111256/tools/bin/../lib/gcc/arm-none-eabi/12.3.1/thumb/v6-m/nofp\libgcc.a(_udivsi3.o)
 .debug_frame   0x00000640       0x20 C:/ST/STM32CubeIDE_1.15.1/STM32CubeIDE/plugins/com.st.stm32cube.ide.mcu.externaltools.gnu-tools-for-stm32.12.3.rel1.win32_1.0.100.202403111256/tools/bin/../lib/gcc/arm-none-eabi/12.3.1/thumb/v6-m/nofp\libgcc.a(_divsi3.o)
 .debug_frame   0x00000660       0x38 C:/ST/STM32CubeIDE_1.15.1/STM32CubeIDE/plugins/com.st.stm32cube.ide.mcu.externaltools.gnu-tools-for-stm32.12.3.rel1.win32_1.0.100.202403111256/tools/bin/../lib/gcc/arm-none-eabi/12.3.1/thumb/v6-m/nofp\libgcc.a(addsf3.o)
 .debug_frame   0x00000698       0x38 C:/ST/STM32CubeIDE_1.15.1/STM32CubeIDE/plugins/com.st.stm32cube.ide.mcu.externaltools.gnu-tools-for-stm32.12.3.rel1.win32_1.0.100.202403111256/tools/bin/../lib/gcc/arm-none-eabi/12.3.1/thumb/v6-m/nofp\libgcc.a(divsf3.o)
 .debug_frame   0x000006d0       0x2c C:/ST/STM32CubeIDE_1.15.1/STM32CubeIDE/plugins/com.st.stm32cube.ide.mcu.externaltools.gnu-tools-for-stm32.12.3.rel1.win32_1.0.100.202403111256/tools/bin/../lib/gcc/arm-none-eabi/12.3.1/thumb/v6-m/nofp\libgcc.a(eqsf2.o)
 .debug_frame   0x000006fc       0x2c C:/ST/STM32CubeIDE_1.15.1/STM32CubeIDE/plugins/com.st.stm32cube.ide.mcu.externaltools.gnu-tools-for-stm32.12.3.rel1.win32_1.0.100.202403111256/tools/bin/../lib/gcc/arm-none-eabi/12.3.1/thumb/v6-m/nofp\libgcc.a(gesf2.o)
 .debug_frame   0x00000728       0x2c C:/ST/STM32CubeIDE_1.15.1/STM32CubeIDE/plugins/com.st.stm32cube.ide.mcu.externaltools.gnu-tools-for-stm32.12.3.rel1.win32_1.0.100.202403111256/tools/bin/../lib/gcc/arm-none-eabi/12.3.1/thumb/v6-m/nofp\libgcc.a(lesf2.o)
 .debug_frame   0x00000754       0x38 C:/ST/STM32CubeIDE_1.15.1/STM32CubeIDE/plugins/com.st.stm32cube.ide.mcu.externaltools.gnu-tools-for-stm32.12.3.rel1.win32_1.0.100.202403111256/tools/bin/../lib/gcc/arm-none-eabi/12.3.1/thumb/v6-m/nofp\libgcc.a(mulsf3.o)
 .debug_frame   0x0000078c       0x38 C:/ST/STM32CubeIDE_1.15.1/STM32CubeIDE/plugins/com.st.stm32cube.ide.mcu.externaltools.gnu-tools-for-stm32.12.3.rel1.win32_1.0.100.202403111256/tools/bin/../lib/gcc/arm-none-eabi/12.3.1/thumb/v6-m/nofp\libgcc.a(subsf3.o)
 .debug_frame   0x000007c4       0x20 C:/ST/STM32CubeIDE_1.15.1/STM32CubeIDE/plugins/com.st.stm32cube.ide.mcu.externaltools.gnu-tools-for-stm32.12.3.rel1.win32_1.0.100.202403111256/tools/bin/../lib/gcc/arm-none-eabi/12.3.1/thumb/v6-m/nofp\libgcc.a(fixsfsi.o)
 .debug_frame   0x000007e4       0x2c C:/ST/STM32CubeIDE_1.15.1/STM32CubeIDE/plugins/com.st.stm32cube.ide.mcu.externaltools.gnu-tools-for-stm32.12.3.rel1.win32_1.0.100.202403111256/tools/bin/../lib/gcc/arm-none-eabi/12.3.1/thumb/v6-m/nofp\libgcc.a(floatsisf.o)
 .debug_frame   0x00000810       0x3c C:/ST/STM32CubeIDE_1.15.1/STM32CubeIDE/plugins/com.st.stm32cube.ide.mcu.externaltools.gnu-tools-for-stm32.12.3.rel1.win32_1.0.100.202403111256/tools/bin/../lib/gcc/arm-none-eabi/12.3.1/thumb/v6-m/nofp\libgcc.a(adddf3.o)
 .debug_frame   0x0000084c       0x3c C:/ST/STM32CubeIDE_1.15.1/STM32CubeIDE/plugins/com.st.stm32cube.ide.mcu.externaltools.gnu-tools-for-stm32.12.3.rel1.win32_1.0.100.202403111256/tools/bin/../lib/gcc/arm-none-eabi/12.3.1/thumb/v6-m/nofp\libgcc.a(divdf3.o)
 .debug_frame   0x00000888       0x38 C:/ST/STM32CubeIDE_1.15.1/STM32CubeIDE/plugins/com.st.stm32cube.ide.mcu.externaltools.gnu-tools-for-stm32.12.3.rel1.win32_1.0.100.202403111256/tools/bin/../lib/gcc/arm-none-eabi/12.3.1/thumb/v6-m/nofp\libgcc.a(eqdf2.o)
 .debug_frame   0x000008c0       0x3c C:/ST/STM32CubeIDE_1.15.1/STM32CubeIDE/plugins/com.st.stm32cube.ide.mcu.externaltools.gnu-tools-for-stm32.12.3.rel1.win32_1.0.100.202403111256/tools/bin/../lib/gcc/arm-none-eabi/12.3.1/thumb/v6-m/nofp\libgcc.a(gedf2.o)
 .debug_frame   0x000008fc       0x3c C:/ST/STM32CubeIDE_1.15.1/STM32CubeIDE/plugins/com.st.stm32cube.ide.mcu.externaltools.gnu-tools-for-stm32.12.3.rel1.win32_1.0.100.202403111256/tools/bin/../lib/gcc/arm-none-eabi/12.3.1/thumb/v6-m/nofp\libgcc.a(ledf2.o)
 .debug_frame   0x00000938       0x3c C:/ST/STM32CubeIDE_1.15.1/STM32CubeIDE/plugins/com.st.stm32cube.ide.mcu.externaltools.gnu-tools-for-stm32.12.3.rel1.win32_1.0.100.202403111256/tools/bin/../lib/gcc/arm-none-eabi/12.3.1/thumb/v6-m/nofp\libgcc.a(muldf3.o)
 .debug_frame   0x00000974       0x3c C:/ST/STM32CubeIDE_1.15.1/STM32CubeIDE/plugins/com.st.stm32cube.ide.mcu.externaltools.gnu-tools-for-stm32.12.3.rel1.win32_1.0.100.202403111256/tools/bin/../lib/gcc/arm-none-eabi/12.3.1/thumb/v6-m/nofp\libgcc.a(subdf3.o)
 .debug_frame   0x000009b0       0x34 C:/ST/STM32CubeIDE_1.15.1/STM32CubeIDE/plugins/com.st.stm32cube.ide.mcu.externaltools.gnu-tools-for-stm32.12.3.rel1.win32_1.0.100.202403111256/tools/bin/../lib/gcc/arm-none-eabi/12.3.1/thumb/v6-m/nofp\libgcc.a(unorddf2.o)
 .debug_frame   0x000009e4       0x2c C:/ST/STM32CubeIDE_1.15.1/STM32CubeIDE/plugins/com.st.stm32cube.ide.mcu.externaltools.gnu-tools-for-stm32.12.3.rel1.win32_1.0.100.202403111256/tools/bin/../lib/gcc/arm-none-eabi/12.3.1/thumb/v6-m/nofp\libgcc.a(floatsidf.o)
 .debug_frame   0x00000a10       0x2c C:/ST/STM32CubeIDE_1.15.1/STM32CubeIDE/plugins/com.st.stm32cube.ide.mcu.externaltools.gnu-tools-for-stm32.12.3.rel1.win32_1.0.100.202403111256/tools/bin/../lib/gcc/arm-none-eabi/12.3.1/thumb/v6-m/nofp\libgcc.a(extendsfdf2.o)
 .debug_frame   0x00000a3c       0x30 C:/ST/STM32CubeIDE_1.15.1/STM32CubeIDE/plugins/com.st.stm32cube.ide.mcu.externaltools.gnu-tools-for-stm32.12.3.rel1.win32_1.0.100.202403111256/tools/bin/../lib/gcc/arm-none-eabi/12.3.1/thumb/v6-m/nofp\libgcc.a(truncdfsf2.o)

.debug_line_str
                0x00000000       0x68
 .debug_line_str
                0x00000000       0x68 ./Startup/startup_stm32f091rctx.o
